<html>
<body>
<pre>
<h1>µVision Build Log</h1>
<h2>Tool Versions:</h2>
IDE-Version: µVision V5.22.0.0
Copyright (C) 2016 ARM Ltd and ARM Germany GmbH. All rights reserved.
License Information: Konrad Król, Wroclaw University of Technology, LIC=----
 
Tool Versions:
Toolchain:       MDK-Lite  Version: 5.22
Toolchain Path:  C:\Keil_v5\ARM\ARMCC\Bin
C Compiler:      Armcc.exe V5.06 update 4 (build 422)
Assembler:       Armasm.exe V5.06 update 4 (build 422)
Linker/Locator:  ArmLink.exe V5.06 update 4 (build 422)
Library Manager: ArmAr.exe V5.06 update 4 (build 422)
Hex Converter:   FromElf.exe V5.06 update 4 (build 422)
CPU DLL:         SARM.DLL V5.22
Dialog DLL:      DARMP.DLL V1.53.0.0
Target DLL:      Segger\JLTAgdi.dll V1.60.0.0
Dialog DLL:      TARMP.DLL V1.53.0.0
 
<h2>Project:</h2>
C:\Projekty\Procesory_Osadzone\Projekt\Projekt_adc_spi.uvproj
Project File Date:  11/07/2020

<h2>Output:</h2>
*** Using Compiler 'V5.06 update 4 (build 422)', folder: 'C:\Keil_v5\ARM\ARMCC\Bin'
Rebuild target 'Target 1'
compiling main_LED.c...
main_LED.c(34): warning:  #1-D: last line of file ends without a newline
  }
main_LED.c: 1 warning, 0 errors
compiling main_Timer.c...
assembling LPC2300.s...
compiling main_ADC.c...
compiling main_Project.c...
main_Project.c(42): warning:  #1-D: last line of file ends without a newline
  }
main_Project.c: 1 warning, 0 errors
compiling main_SPI.c...
main_SPI.c(33): warning:  #1-D: last line of file ends without a newline
  }
main_SPI.c: 1 warning, 0 errors
compiling main_EINT.c...
linking...
Program Size: Code=1872 RO-data=32 RW-data=8 ZI-data=5480  
FromELF: creating hex file...
".\Objects\Projekt_adc_spi.axf" - 0 Error(s), 3 Warning(s).
Build Time Elapsed:  00:00:01
</pre>
</body>
</html>
